
--- 2026-09-03T03:36:04.099Z debug
🪵  Writing logs to "/home/runner/workspace/.config/.wrangler/logs/wrangler-2026-09-03_03-36-03_821.log"
---

--- 2026-09-03T03:36:04.099Z debug
.env file not found at "/home/runner/workspace/workers/manfaz-api/.env". Continuing... For more details, refer to https://developers.cloudflare.com/workers/wrangler/system-environment-variables/
---

--- 2026-09-03T03:36:04.100Z debug
.env file not found at "/home/runner/workspace/workers/manfaz-api/.env.local". Continuing... For more details, refer to https://developers.cloudflare.com/workers/wrangler/system-environment-variables/
---

--- 2026-09-03T03:36:04.106Z log

 ⛅️ wrangler 4.127.1 (update available 4.128.0)
───────────────────────────────────────────────
---

--- 2026-09-03T03:36:04.120Z debug
Metrics dispatcher: Posting data {"deviceId":"4e3b1bff-8faa-4cb0-9f2f-88a67699b99f","event":"wrangler command started","timestamp":1788406564120,"properties":{"amplitude_session_id":1788406564111,"amplitude_event_id":0,"wranglerVersion":"4.127.1","wranglerMajorVersion":4,"wranglerMinorVersion":127,"wranglerPatchVersion":1,"osPlatform":"Linux","osVersion":"#Replit-Linux SMP Fri Aug 28 06:22:54 UTC 2026","nodeVersion":24,"packageManager":"pnpm","isFirstUsage":false,"configFileType":"toml","isCI":false,"isPagesCI":false,"isWorkersCI":false,"isInteractive":false,"hasAssets":false,"agent":"replit","argsUsed":[],"argsCombination":"","sanitizedCommand":"queues list","sanitizedArgs":{},"currentAgentSkillsInstalled":false}}
---

--- 2026-09-03T03:36:04.149Z debug
-- START CF API REQUEST: GET https://api.cloudflare.com/client/v4/accounts
---

--- 2026-09-03T03:36:04.149Z debug
QUERY STRING: omitted; set WRANGLER_LOG_SANITIZE=false to include sanitized data
---

--- 2026-09-03T03:36:04.149Z debug
HEADERS: omitted; set WRANGLER_LOG_SANITIZE=false to include sanitized data
---

--- 2026-09-03T03:36:04.149Z debug
INIT: omitted; set WRANGLER_LOG_SANITIZE=false to include sanitized data
---

--- 2026-09-03T03:36:04.149Z debug
-- END CF API REQUEST
---

--- 2026-09-03T03:36:04.151Z debug
-- START CF API REQUEST: GET https://api.cloudflare.com/client/v4/memberships
---

--- 2026-09-03T03:36:04.151Z debug
QUERY STRING: omitted; set WRANGLER_LOG_SANITIZE=false to include sanitized data
---

--- 2026-09-03T03:36:04.151Z debug
HEADERS: omitted; set WRANGLER_LOG_SANITIZE=false to include sanitized data
---

--- 2026-09-03T03:36:04.151Z debug
INIT: omitted; set WRANGLER_LOG_SANITIZE=false to include sanitized data
---

--- 2026-09-03T03:36:04.151Z debug
-- END CF API REQUEST
---

--- 2026-09-03T03:36:04.290Z debug
-- START CF API RESPONSE: Unauthorized 401
---

--- 2026-09-03T03:36:04.291Z debug
HEADERS: omitted; set WRANGLER_LOG_SANITIZE=false to include sanitized data
---

--- 2026-09-03T03:36:04.291Z debug
RESPONSE: omitted; set WRANGLER_LOG_SANITIZE=false to include sanitized data
---

--- 2026-09-03T03:36:04.291Z debug
-- END CF API RESPONSE
---

--- 2026-09-03T03:36:04.304Z debug
-- START CF API RESPONSE: Forbidden 403
---

--- 2026-09-03T03:36:04.304Z debug
HEADERS: omitted; set WRANGLER_LOG_SANITIZE=false to include sanitized data
---

--- 2026-09-03T03:36:04.304Z debug
RESPONSE: omitted; set WRANGLER_LOG_SANITIZE=false to include sanitized data
---

--- 2026-09-03T03:36:04.304Z debug
-- END CF API RESPONSE
---

--- 2026-09-03T03:36:04.305Z log

---

--- 2026-09-03T03:36:04.345Z error
✘ [ERROR] A request to the Cloudflare API (/accounts) failed.

  Invalid access token [code: 9109]
  
  If you think this is a bug, please open an issue at:
  https://github.com/cloudflare/workers-sdk/issues/new/choose


---

--- 2026-09-03T03:36:04.345Z debug
Metrics dispatcher: Posting data {"deviceId":"4e3b1bff-8faa-4cb0-9f2f-88a67699b99f","event":"wrangler command errored","timestamp":1788406564345,"properties":{"amplitude_session_id":1788406564111,"amplitude_event_id":1,"wranglerVersion":"4.127.1","wranglerMajorVersion":4,"wranglerMinorVersion":127,"wranglerPatchVersion":1,"osPlatform":"Linux","osVersion":"#Replit-Linux SMP Fri Aug 28 06:22:54 UTC 2026","nodeVersion":24,"packageManager":"pnpm","isFirstUsage":false,"configFileType":"toml","isCI":false,"isPagesCI":false,"isWorkersCI":false,"isInteractive":false,"hasAssets":false,"agent":"replit","argsUsed":[],"argsCombination":"","sanitizedCommand":"queues list","sanitizedArgs":{},"durationMs":205,"errorType":"APIError","currentAgentSkillsInstalled":false}}
---
