
--- 2026-09-03T02:34:56.979Z debug
🪵  Writing logs to "/home/runner/workspace/.config/.wrangler/logs/wrangler-2026-09-03_02-34-56_691.log"
---

--- 2026-09-03T02:34:56.979Z debug
.env file not found at "/home/runner/workspace/workers/manfaz-api/.env". Continuing... For more details, refer to https://developers.cloudflare.com/workers/wrangler/system-environment-variables/
---

--- 2026-09-03T02:34:56.980Z debug
.env file not found at "/home/runner/workspace/workers/manfaz-api/.env.local". Continuing... For more details, refer to https://developers.cloudflare.com/workers/wrangler/system-environment-variables/
---

--- 2026-09-03T02:34:57.082Z log

 ⛅️ wrangler 4.127.1
────────────────────
---

--- 2026-09-03T02:34:57.095Z log
Getting User settings...
---

--- 2026-09-03T02:34:57.096Z log
You are not authenticated. Please run `wrangler login`.
---

--- 2026-09-03T02:34:57.096Z log
To deploy without logging in, run a command like `wrangler deploy --temporary` to use a temporary preview account.
---

--- 2026-09-03T02:34:57.097Z debug
Metrics dispatcher: Posting data {"deviceId":"4e3b1bff-8faa-4cb0-9f2f-88a67699b99f","event":"wrangler command started","timestamp":1788402897097,"properties":{"amplitude_session_id":1788402897086,"amplitude_event_id":0,"wranglerVersion":"4.127.1","wranglerMajorVersion":4,"wranglerMinorVersion":127,"wranglerPatchVersion":1,"osPlatform":"Linux","osVersion":"#Replit-Linux SMP Fri Aug 28 06:22:54 UTC 2026","nodeVersion":24,"packageManager":"pnpm","isFirstUsage":false,"configFileType":"toml","isCI":false,"isPagesCI":false,"isWorkersCI":false,"isInteractive":false,"hasAssets":false,"agent":"replit","argsUsed":[],"argsCombination":"","sanitizedCommand":"whoami","sanitizedArgs":{},"currentAgentSkillsInstalled":false}}
---

--- 2026-09-03T02:34:57.104Z debug
Metrics dispatcher: Posting data {"deviceId":"4e3b1bff-8faa-4cb0-9f2f-88a67699b99f","event":"view accounts","timestamp":1788402897104,"properties":{"amplitude_session_id":1788402897096,"amplitude_event_id":0,"wranglerVersion":"4.127.1","wranglerMajorVersion":4,"wranglerMinorVersion":127,"wranglerPatchVersion":1,"osPlatform":"Linux","osVersion":"#Replit-Linux SMP Fri Aug 28 06:22:54 UTC 2026","nodeVersion":24,"packageManager":"pnpm","isFirstUsage":false,"configFileType":"none","isCI":false,"isPagesCI":false,"isWorkersCI":false,"isInteractive":false,"hasAssets":false,"agent":"replit","category":"Workers","os":"linux:x64","currentAgentSkillsInstalled":false}}
---

--- 2026-09-03T02:34:57.105Z debug
Metrics dispatcher: Posting data {"deviceId":"4e3b1bff-8faa-4cb0-9f2f-88a67699b99f","event":"wrangler command completed","timestamp":1788402897105,"properties":{"amplitude_session_id":1788402897086,"amplitude_event_id":1,"wranglerVersion":"4.127.1","wranglerMajorVersion":4,"wranglerMinorVersion":127,"wranglerPatchVersion":1,"osPlatform":"Linux","osVersion":"#Replit-Linux SMP Fri Aug 28 06:22:54 UTC 2026","nodeVersion":24,"packageManager":"pnpm","isFirstUsage":false,"configFileType":"toml","isCI":false,"isPagesCI":false,"isWorkersCI":false,"isInteractive":false,"hasAssets":false,"agent":"replit","argsUsed":[],"argsCombination":"","sanitizedCommand":"whoami","sanitizedArgs":{},"durationMs":120,"currentAgentSkillsInstalled":false}}
---
