
--- 2026-09-03T02:34:58.459Z debug
🪵  Writing logs to "/home/runner/workspace/.config/.wrangler/logs/wrangler-2026-09-03_02-34-58_157.log"
---

--- 2026-09-03T02:34:58.458Z debug
.env file not found at "/home/runner/workspace/workers/manfaz-api/.env". Continuing... For more details, refer to https://developers.cloudflare.com/workers/wrangler/system-environment-variables/
---

--- 2026-09-03T02:34:58.459Z debug
.env file not found at "/home/runner/workspace/workers/manfaz-api/.env.local". Continuing... For more details, refer to https://developers.cloudflare.com/workers/wrangler/system-environment-variables/
---

--- 2026-09-03T02:34:58.465Z log

 ⛅️ wrangler 4.127.1 (update available 4.128.0)
───────────────────────────────────────────────
---

--- 2026-09-03T02:34:58.482Z debug
Metrics dispatcher: Posting data {"deviceId":"4e3b1bff-8faa-4cb0-9f2f-88a67699b99f","event":"wrangler command started","timestamp":1788402898482,"properties":{"amplitude_session_id":1788402898470,"amplitude_event_id":0,"wranglerVersion":"4.127.1","wranglerMajorVersion":4,"wranglerMinorVersion":127,"wranglerPatchVersion":1,"osPlatform":"Linux","osVersion":"#Replit-Linux SMP Fri Aug 28 06:22:54 UTC 2026","nodeVersion":24,"packageManager":"pnpm","isFirstUsage":false,"configFileType":"toml","isCI":false,"isPagesCI":false,"isWorkersCI":false,"isInteractive":false,"hasAssets":false,"agent":"replit","argsUsed":[],"argsCombination":"","sanitizedCommand":"queues list","sanitizedArgs":{},"currentAgentSkillsInstalled":false}}
---

--- 2026-09-03T02:34:58.506Z log

---

--- 2026-09-03T02:34:58.548Z error
✘ [ERROR] In a non-interactive environment, it's necessary to set a CLOUDFLARE_API_TOKEN environment variable for wrangler to work. Please go to https://developers.cloudflare.com/fundamentals/api/get-started/create-token/ for instructions on how to create an api token, and assign its value to CLOUDFLARE_API_TOKEN.

  
  To continue without logging in, rerun this command with `--temporary`.
  Wrangler will use a temporary account and print a claim URL.


---

--- 2026-09-03T02:34:58.577Z debug
Error: In a non-interactive environment, it's necessary to set a CLOUDFLARE_API_TOKEN environment variable for wrangler to work. Please go to https://developers.cloudflare.com/fundamentals/api/get-started/create-token/ for instructions on how to create an api token, and assign its value to CLOUDFLARE_API_TOKEN.

To continue without logging in, rerun this command with `--temporary`. Wrangler will use a temporary account and print a claim URL.
    at Object.requireAuth (/home/runner/workspace/node_modules/.pnpm/wrangler@4.127.1_@cloudflare+workers-types@5.20260902.1/node_modules/wrangler/wrangler-dist/cli.js:126061:15)
    at async listQueues (/home/runner/workspace/node_modules/.pnpm/wrangler@4.127.1_@cloudflare+workers-types@5.20260902.1/node_modules/wrangler/wrangler-dist/cli.js:460792:21)
    at async Object.handler (/home/runner/workspace/node_modules/.pnpm/wrangler@4.127.1_@cloudflare+workers-types@5.20260902.1/node_modules/wrangler/wrangler-dist/cli.js:461627:24)
    at async /home/runner/workspace/node_modules/.pnpm/wrangler@4.127.1_@cloudflare+workers-types@5.20260902.1/node_modules/wrangler/wrangler-dist/cli.js:348675:26
    at async Object.handler (/home/runner/workspace/node_modules/.pnpm/wrangler@4.127.1_@cloudflare+workers-types@5.20260902.1/node_modules/wrangler/wrangler-dist/cli.js:348612:7)
---

--- 2026-09-03T02:34:58.577Z debug
Metrics dispatcher: Posting data {"deviceId":"4e3b1bff-8faa-4cb0-9f2f-88a67699b99f","event":"wrangler command errored","timestamp":1788402898577,"properties":{"amplitude_session_id":1788402898470,"amplitude_event_id":1,"wranglerVersion":"4.127.1","wranglerMajorVersion":4,"wranglerMinorVersion":127,"wranglerPatchVersion":1,"osPlatform":"Linux","osVersion":"#Replit-Linux SMP Fri Aug 28 06:22:54 UTC 2026","nodeVersion":24,"packageManager":"pnpm","isFirstUsage":false,"configFileType":"toml","isCI":false,"isPagesCI":false,"isWorkersCI":false,"isInteractive":false,"hasAssets":false,"agent":"replit","argsUsed":[],"argsCombination":"","sanitizedCommand":"queues list","sanitizedArgs":{},"durationMs":46,"errorType":"UserError","errorMessage":"user auth missing api token non interactive","currentAgentSkillsInstalled":false}}
---
