
--- 2026-09-03T03:43:27.792Z debug
🪵  Writing logs to "/home/runner/workspace/.config/.wrangler/logs/wrangler-2026-09-03_03-43-27_456.log"
---

--- 2026-09-03T03:43:27.792Z debug
.env file not found at "/home/runner/workspace/workers/manfaz-api/.env". Continuing... For more details, refer to https://developers.cloudflare.com/workers/wrangler/system-environment-variables/
---

--- 2026-09-03T03:43:27.793Z debug
.env file not found at "/home/runner/workspace/workers/manfaz-api/.env.local". Continuing... For more details, refer to https://developers.cloudflare.com/workers/wrangler/system-environment-variables/
---

--- 2026-09-03T03:43:27.799Z log

 ⛅️ wrangler 4.127.1 (update available 4.128.0)
───────────────────────────────────────────────
---

--- 2026-09-03T03:43:27.839Z log
Getting User settings...
---

--- 2026-09-03T03:43:27.840Z debug
-- START CF API REQUEST: GET https://api.cloudflare.com/client/v4/user/tokens/verify
---

--- 2026-09-03T03:43:27.840Z debug
QUERY STRING: omitted; set WRANGLER_LOG_SANITIZE=false to include sanitized data
---

--- 2026-09-03T03:43:27.841Z debug
HEADERS: omitted; set WRANGLER_LOG_SANITIZE=false to include sanitized data
---

--- 2026-09-03T03:43:27.841Z debug
INIT: omitted; set WRANGLER_LOG_SANITIZE=false to include sanitized data
---

--- 2026-09-03T03:43:27.841Z debug
-- END CF API REQUEST
---

--- 2026-09-03T03:43:28.009Z debug
Metrics dispatcher: Posting data {"deviceId":"4e3b1bff-8faa-4cb0-9f2f-88a67699b99f","event":"wrangler command started","timestamp":1788407008009,"properties":{"amplitude_session_id":1788407007807,"amplitude_event_id":0,"wranglerVersion":"4.127.1","wranglerMajorVersion":4,"wranglerMinorVersion":127,"wranglerPatchVersion":1,"osPlatform":"Linux","osVersion":"#Replit-Linux SMP Fri Aug 28 06:22:54 UTC 2026","nodeVersion":24,"packageManager":"pnpm","isFirstUsage":false,"configFileType":"toml","isCI":false,"isPagesCI":false,"isWorkersCI":false,"isInteractive":false,"hasAssets":false,"agent":"replit","argsUsed":[],"argsCombination":"","sanitizedCommand":"whoami","sanitizedArgs":{},"currentAgentSkillsInstalled":false}}
---

--- 2026-09-03T03:43:28.014Z debug
-- START CF API RESPONSE: Unauthorized 401
---

--- 2026-09-03T03:43:28.014Z debug
HEADERS: omitted; set WRANGLER_LOG_SANITIZE=false to include sanitized data
---

--- 2026-09-03T03:43:28.015Z debug
RESPONSE: omitted; set WRANGLER_LOG_SANITIZE=false to include sanitized data
---

--- 2026-09-03T03:43:28.015Z debug
-- END CF API RESPONSE
---

--- 2026-09-03T03:43:28.017Z debug
-- START CF API REQUEST: GET https://api.cloudflare.com/client/v4/user
---

--- 2026-09-03T03:43:28.017Z debug
QUERY STRING: omitted; set WRANGLER_LOG_SANITIZE=false to include sanitized data
---

--- 2026-09-03T03:43:28.017Z debug
HEADERS: omitted; set WRANGLER_LOG_SANITIZE=false to include sanitized data
---

--- 2026-09-03T03:43:28.017Z debug
INIT: omitted; set WRANGLER_LOG_SANITIZE=false to include sanitized data
---

--- 2026-09-03T03:43:28.017Z debug
-- END CF API REQUEST
---

--- 2026-09-03T03:43:28.159Z debug
-- START CF API RESPONSE: Forbidden 403
---

--- 2026-09-03T03:43:28.159Z debug
HEADERS: omitted; set WRANGLER_LOG_SANITIZE=false to include sanitized data
---

--- 2026-09-03T03:43:28.159Z debug
RESPONSE: omitted; set WRANGLER_LOG_SANITIZE=false to include sanitized data
---

--- 2026-09-03T03:43:28.159Z debug
-- END CF API RESPONSE
---

--- 2026-09-03T03:43:28.160Z debug
-- START CF API REQUEST: GET https://api.cloudflare.com/client/v4/accounts
---

--- 2026-09-03T03:43:28.160Z debug
QUERY STRING: omitted; set WRANGLER_LOG_SANITIZE=false to include sanitized data
---

--- 2026-09-03T03:43:28.160Z debug
HEADERS: omitted; set WRANGLER_LOG_SANITIZE=false to include sanitized data
---

--- 2026-09-03T03:43:28.160Z debug
INIT: omitted; set WRANGLER_LOG_SANITIZE=false to include sanitized data
---

--- 2026-09-03T03:43:28.160Z debug
-- END CF API REQUEST
---

--- 2026-09-03T03:43:28.161Z debug
-- START CF API REQUEST: GET https://api.cloudflare.com/client/v4/memberships
---

--- 2026-09-03T03:43:28.161Z debug
QUERY STRING: omitted; set WRANGLER_LOG_SANITIZE=false to include sanitized data
---

--- 2026-09-03T03:43:28.161Z debug
HEADERS: omitted; set WRANGLER_LOG_SANITIZE=false to include sanitized data
---

--- 2026-09-03T03:43:28.161Z debug
INIT: omitted; set WRANGLER_LOG_SANITIZE=false to include sanitized data
---

--- 2026-09-03T03:43:28.161Z debug
-- END CF API REQUEST
---

--- 2026-09-03T03:43:28.268Z debug
-- START CF API RESPONSE: Unauthorized 401
---

--- 2026-09-03T03:43:28.268Z debug
HEADERS: omitted; set WRANGLER_LOG_SANITIZE=false to include sanitized data
---

--- 2026-09-03T03:43:28.268Z debug
RESPONSE: omitted; set WRANGLER_LOG_SANITIZE=false to include sanitized data
---

--- 2026-09-03T03:43:28.268Z debug
-- END CF API RESPONSE
---

--- 2026-09-03T03:43:28.280Z debug
-- START CF API RESPONSE: Forbidden 403
---

--- 2026-09-03T03:43:28.280Z debug
HEADERS: omitted; set WRANGLER_LOG_SANITIZE=false to include sanitized data
---

--- 2026-09-03T03:43:28.280Z debug
RESPONSE: omitted; set WRANGLER_LOG_SANITIZE=false to include sanitized data
---

--- 2026-09-03T03:43:28.280Z debug
-- END CF API RESPONSE
---

--- 2026-09-03T03:43:28.281Z log

---

--- 2026-09-03T03:43:28.332Z error
✘ [ERROR] A request to the Cloudflare API (/accounts) failed.

  Invalid access token [code: 9109]
  
  If you think this is a bug, please open an issue at:
  https://github.com/cloudflare/workers-sdk/issues/new/choose


---

--- 2026-09-03T03:43:28.332Z debug
Metrics dispatcher: Posting data {"deviceId":"4e3b1bff-8faa-4cb0-9f2f-88a67699b99f","event":"wrangler command errored","timestamp":1788407008332,"properties":{"amplitude_session_id":1788407007807,"amplitude_event_id":1,"wranglerVersion":"4.127.1","wranglerMajorVersion":4,"wranglerMinorVersion":127,"wranglerPatchVersion":1,"osPlatform":"Linux","osVersion":"#Replit-Linux SMP Fri Aug 28 06:22:54 UTC 2026","nodeVersion":24,"packageManager":"pnpm","isFirstUsage":false,"configFileType":"toml","isCI":false,"isPagesCI":false,"isWorkersCI":false,"isInteractive":false,"hasAssets":false,"agent":"replit","argsUsed":[],"argsCombination":"","sanitizedCommand":"whoami","sanitizedArgs":{},"durationMs":487,"errorType":"APIError","currentAgentSkillsInstalled":false}}
---
